<html>
<body>
<pre>
<h1>礦ision Build Log</h1>
<h2>Tool Versions:</h2>
IDE-Version: μVision V5.31.0.0
Copyright (C) 2020 ARM Ltd and ARM Germany GmbH. All rights reserved.
License Information: dog-pi dog-pi, Microsoft, LIC=BUURY-ILVRI-KP1ZY-I884U-F28WI-R6L5B
 
Tool Versions:
Toolchain:       MDK-ARM Plus  Version: 5.31.0.0
Toolchain Path:  C:\Keil_v5\ARM\ARMCLANG\Bin
C Compiler:      ArmClang.exe V6.14
Assembler:       Armasm.exe V6.14
Linker/Locator:  ArmLink.exe V6.14
Library Manager: ArmAr.exe V6.14
Hex Converter:   FromElf.exe V6.14
CPU DLL:         SARMCM3.DLL V5.31.0.0
Dialog DLL:      DCM.DLL V1.17.3.0
Target DLL:      UL2CM3.DLL V1.163.4.0
Dialog DLL:      TCM.DLL V1.46.0.0
 
<h2>Project:</h2>
C:\Users\dog-pi\Desktop\STM32\使用固件库读取按键输入\Project\MyFirstProject.uvprojx
Project File Date:  07/29/2020

<h2>Output:</h2>
*** Using Compiler 'V6.14', folder: 'C:\Keil_v5\ARM\ARMCLANG\Bin'
Build target 'Target 1'
../User/main.c(1): warning: In file included from...
../Libraries/CMSIS\stm32f10x.h(478): warning: In file included from...
../Libraries/CMSIS/core_cm3.h(1720): warning: function 'NVIC_SystemReset' could be declared with attribute 'noreturn' [-Wmissing-noreturn]
{
^
../User/main.c(2): warning: In file included from...
../User/key\bsp_key.h(8): warning: no newline at end of file [-Wnewline-eof]
#endif
      ^
../User/main.c(3): warning: In file included from...
../User/led\bsp_led.h(18): warning: no newline at end of file [-Wnewline-eof]
#endif
      ^
../User/main.c(13): warning: 'return' will never be executed [-Wunreachable-code-return]
    return 0;
           ^
4 warnings generated.
compiling main.c...
linking...
Program Size: Code=820 RO-data=320 RW-data=0 ZI-data=1024  
FromELF: creating hex file...
".\Objects\MyFirstProject.axf" - 0 Error(s), 4 Warning(s).

<h2>Software Packages used:</h2>

Package Vendor: Keil
                http://www.keil.com/pack/Keil.STM32F1xx_DFP.2.3.0.pack
                Keil.STM32F1xx_DFP.2.3.0
                STMicroelectronics STM32F1 Series Device Support, Drivers and Examples

<h2>Collection of Component include folders:</h2>
  C:\Keil_v5\Arm\Packs\Keil\STM32F1xx_DFP\2.3.0\Device\Include

<h2>Collection of Component Files used:</h2>
Build Time Elapsed:  00:00:01
</pre>
</body>
</html>
